
-------------------------------------------------------------------------------
   ROBOCOPY     ::     Robust File Copy for Windows                              
-------------------------------------------------------------------------------

  Started : 2026105 23:21:29
   Source : D:\workspace\koutu\
     Dest : D:\workspace\_koutu_golden\

    Files : *.*
	    
 Exc Dirs : D:\workspace\koutu\.venv
	    D:\workspace\koutu\.git
	    D:\workspace\koutu\dist
	    D:\workspace\koutu\build
	    
  Options : *.* /NDL /NFL /S /E /DCOPY:DA /COPY:DAT /NP /R:2 /W:1 

------------------------------------------------------------------------------


------------------------------------------------------------------------------

               Total    Copied   Skipped  Mismatch    FAILED    Extras
    Dirs :        38        38         0         0         0         0
   Files :       124       124         0         0         0         0
   Bytes :   86.39 m   86.39 m         0         0         0         0
   Times :   0:00:00   0:00:00                       0:00:00   0:00:00


   Speed :           943,609,458 Bytes/sec.
   Speed :            53,993.766 MegaBytes/min.
   Ended : 2026105 23:21:29

